== 2026-10-08T21:56:27+08:00 pipeline x2
updated: search-prologue, search-seq-search, search-bin-search, search-hashing, search-bubble, search-selection, search-insertion, search-shell, search-merge, search-quick, search-depends, search-reference, search-supplement, search-recap
ok searching_sorting: 35 卡 + 8 題
shuffle changed: False
842e73ee1f2ed507c86b3f9915d12e23a24cbbbca4cf346c2df2ac28d3de41fd  searching_sorting.html
updated: search-prologue, search-seq-search, search-bin-search, search-hashing, search-bubble, search-selection, search-insertion, search-shell, search-merge, search-quick, search-depends, search-reference, search-supplement, search-recap
ok searching_sorting: 35 卡 + 8 題
shuffle changed: False
842e73ee1f2ed507c86b3f9915d12e23a24cbbbca4cf346c2df2ac28d3de41fd  searching_sorting.html
== check_content
{"run": 22, "run_passed": 22, "compile_error": 2, "errors": 0}
exit 0
== check_links_cpp
檢查 22 頁

0 個錯誤 / 0 個警告
== check_contrast

0 個失敗
== check_browser
exit 0
1440 details 35 img {'count': 25, 'broken': []} panels 8 hash {'linear_used': '7 / 11', 'insert_status': 'slot 1 為空 → 插入 44', 'search_status': '✓ 在 slot 1 找到 44！比較了 2 次', 'search_ops': '2', 'chain_used': '6 / 11'} quiz 15 cards 35 overflow False errors []
390 details 35 img {'count': 25, 'broken': []} panels 8 hash {'linear_used': '7 / 11', 'insert_status': 'slot 1 為空 → 插入 44', 'search_status': '✓ 在 slot 1 找到 44！比較了 2 次', 'search_ops': '2', 'chain_used': '6 / 11'} quiz 15 cards 35 overflow False errors []
== density
{
 "searching_sorting": {
  "text_chars": 47009,
  "h2": 16,
  "h3": 44,
  "img": 25,
  "details": 35,
  "pseudo_code": 49,
  "visible_expected_out": 19,
  "data_cpp": 39,
  "quiz": 15,
  "flashcards": 35
 }
}
== density (with text_outside_details)
{
 "searching_sorting": {
  "text_chars": 47009,
  "text_outside_details": 24401,
  "h2": 16,
  "h3": 44,
  "img": 25,
  "details": 35,
  "pseudo_code": 49,
  "visible_expected_out": 19,
  "data_cpp": 39,
  "quiz": 15,
  "flashcards": 35
 }
}
{
 "searching_sorting (before)": {
  "text_chars": 28964,
  "text_outside_details": 28964,
  "h2": 15,
  "h3": 29,
  "img": 0,
  "details": 0,
  "pseudo_code": 33,
  "visible_expected_out": 11,
  "data_cpp": 0,
  "quiz": 7,
  "flashcards": 32
 }
}
