Verification evidence for 2026-09-13 error teaching repair

$ g++ --version
g++ (Ubuntu 13.3.0-6ubuntu2~24.04.1) 13.3.0
Copyright (C) 2023 Free Software Foundation, Inc.
This is free software; see the source for copying conditions.  There is NO
warranty; not even for MERCHANTABILITY or FITNESS FOR A PARTICULAR PURPOSE.


$ node --version
v24.15.0

$ python3 --version
Python 3.13.12


prereq.log
Verified: compile-errors=1, fragments=2, legacy-compile-errors=11, legacy-compiled=103, legacy-diagnostic-text=1, pages=9, runs=6, scripts=36
0 errors


runtime.log
Runtime: cases=102, executed=101, expected_link_failures=1, passed=102, failed=0, skipped=16


changes.log
New complete programs and boundary variants: 8 passed
All 22 HTML pages, question/card sources and Python generators: no unreviewed simplified candidates


links.log
檢查 22 頁

0 個錯誤 / 0 個警告


fidelity.log
p1_cpp_basics.html: sections=12 tables=18 svgs=1
p2_flow_control.html: sections=12 tables=10 svgs=2
p3_functions.html: sections=13 tables=7 svgs=1
p4_pointers_memory.html: sections=14 tables=7 svgs=3
p5_vector_string.html: sections=14 tables=14 svgs=2
p6_map_set.html: sections=12 tables=12 svgs=2
p7_files_exceptions.html: sections=11 tables=4 svgs=1
p8_oop_basics.html: sections=14 tables=4 svgs=1
p9_oop_advanced.html: sections=16 tables=8 svgs=1
0 fidelity errors


contrast.log

0 個失敗


browser.log
{"page": "p1_cpp_basics.html", "errors": [], "player_frames": 6, "sliders": 1, "inline_quizzes": 3, "inline_options": 12, "original_controls": 12, "questions": 9, "options": 36, "correct_positions": [3, 1, 3, 2, 3, 4, 4, 1, 1], "cards": 25, "styles": "match introduction.html at 1440px/390px"}
{"page": "p2_flow_control.html", "errors": [], "player_frames": 12, "sliders": 3, "inline_quizzes": 3, "inline_options": 12, "original_controls": 7, "questions": 6, "options": 24, "correct_positions": [1, 1, 1, 3, 2, 4], "cards": 22, "styles": "match introduction.html at 1440px/390px"}
{"page": "p3_functions.html", "errors": [], "player_frames": 33, "sliders": 2, "inline_quizzes": 2, "inline_options": 8, "original_controls": 10, "questions": 6, "options": 24, "correct_positions": [2, 4, 3, 2, 2, 1], "cards": 18, "styles": "match introduction.html at 1440px/390px"}
{"page": "p4_pointers_memory.html", "errors": [], "player_frames": 18, "sliders": 4, "inline_quizzes": 4, "inline_options": 16, "original_controls": 14, "questions": 7, "options": 28, "correct_positions": [1, 3, 2, 1, 1, 3, 3], "cards": 19, "styles": "match introduction.html at 1440px/390px"}
{"page": "p5_vector_string.html", "errors": [], "player_frames": 58, "sliders": 4, "inline_quizzes": 4, "inline_options": 16, "original_controls": 4, "questions": 6, "options": 24, "correct_positions": [1, 2, 3, 1, 2, 4], "cards": 21, "styles": "match introduction.html at 1440px/390px"}
{"page": "p6_map_set.html", "errors": [], "player_frames": 0, "sliders": 0, "inline_quizzes": 5, "inline_options": 20, "original_controls": 0, "questions": 6, "options": 24, "correct_positions": [3, 4, 2, 2, 3, 3], "cards": 18, "styles": "match introduction.html at 1440px/390px"}
{"page": "p7_files_exceptions.html", "errors": [], "player_frames": 28, "sliders": 1, "inline_quizzes": 2, "inline_options": 8, "original_controls": 4, "questions": 6, "options": 24, "correct_positions": [3, 4, 4, 3, 3, 3], "cards": 15, "styles": "match introduction.html at 1440px/390px"}
{"page": "p8_oop_basics.html", "errors": [], "player_frames": 24, "sliders": 1, "inline_quizzes": 3, "inline_options": 12, "original_controls": 7, "questions": 6, "options": 24, "correct_positions": [1, 4, 2, 1, 4, 3], "cards": 19, "styles": "match introduction.html at 1440px/390px"}
{"page": "p9_oop_advanced.html", "errors": [], "player_frames": 0, "sliders": 0, "inline_quizzes": 3, "inline_options": 12, "original_controls": 0, "questions": 6, "options": 24, "correct_positions": [4, 2, 3, 1, 3, 2], "cards": 21, "styles": "match introduction.html at 1440px/390px"}


browser-p1-p3-final.log
{"page": "p1_cpp_basics.html", "errors": [], "player_frames": 6, "sliders": 1, "inline_quizzes": 3, "inline_options": 12, "original_controls": 12, "questions": 9, "options": 36, "correct_positions": [3, 1, 3, 2, 3, 4, 4, 1, 1], "cards": 25, "styles": "match introduction.html at 1440px/390px"}
{"page": "p3_functions.html", "errors": [], "player_frames": 33, "sliders": 2, "inline_quizzes": 2, "inline_options": 8, "original_controls": 10, "questions": 6, "options": 24, "correct_positions": [2, 4, 3, 2, 2, 1], "cards": 18, "styles": "match introduction.html at 1440px/390px"}


site-browser.log
All local pages at desktop/mobile widths: 44 passed
