Starting Playwright
Launching Chromium
Browser ready
Checking arrays
Loaded
Details opened
New mapping checked
Control cmpShow('compact')
Control cmpShow('ref')
Control mdRun('row')
Control mdRun('col')
Control mdPlayer && mdPlayer.step()
Control mdPlayer && mdPlayer.toggle(this)
Control spRandom()
Control spClear()
Checking linked_lists
Loaded
Details opened
New mapping checked
Control memShow('array')
Control memShow('linked')
Control nodeDemo(1)
Control nodeDemo(2)
Control nodeDemo(3)
Control ullAdd()
Control ullSearch()
Control ullRemove()
Control ullReset()
Control ullPlayer && ullPlayer.step()
Control ullPlayer && ullPlayer.toggle(this)
Control ollAdd()
Control ollPlayer && ollPlayer.step()
Control ollPlayer && ollPlayer.toggle(this)
Control ollReset()
Control varShow('singly')
Control varShow('doubly')
Control varShow('circular')
[{"page": "arrays", "details": 10, "player_frames_checked": 36, "viewports": [1440, 390], "page_errors": []}, {"page": "linked_lists", "details": 6, "player_frames_checked": 18, "viewports": [1440, 390], "page_errors": []}]
