== 2026-10-08T21:32:36+08:00 pipeline run 1
updated: linear-prologue, linear-stack-intro, linear-stack-stl, linear-stack-ex, linear-parens, linear-parens-general, linear-base-intro, linear-base-general, linear-infix-paren, linear-infix-convert, linear-infix-code, linear-queue-intro, linear-queue-stl, linear-hp-intro, linear-hp-code, linear-printer-intro, linear-printer, linear-deque-intro, linear-deque-pal, linear-exercises, linear-reference, linear-recap
ok linear_structures: 16 卡
shuffle changed: False
8b50e66f87d2d54f69e6ddeca9162bd8a3185344d2e5e63ddefdf0923371b414  linear_structures.html
== pipeline run 2
updated: linear-prologue, linear-stack-intro, linear-stack-stl, linear-stack-ex, linear-parens, linear-parens-general, linear-base-intro, linear-base-general, linear-infix-paren, linear-infix-convert, linear-infix-code, linear-queue-intro, linear-queue-stl, linear-hp-intro, linear-hp-code, linear-printer-intro, linear-printer, linear-deque-intro, linear-deque-pal, linear-exercises, linear-reference, linear-recap
ok linear_structures: 16 卡
shuffle changed: False
8b50e66f87d2d54f69e6ddeca9162bd8a3185344d2e5e63ddefdf0923371b414  linear_structures.html
== check_content
{"run": 18, "run_passed": 18, "compile_error": 0, "errors": 0}
== check_links_cpp
檢查 22 頁

0 個錯誤 / 0 個警告
== check_contrast

0 個失敗
== check_browser
{"1440": {"details": 34, "images": {"count": 16, "broken": []}, "played": 15, "stack_widget": {"before": 3, "afterPush": 4, "afterPop": 3, "peek": "›top() = 9（只看不拿）"}, "queue_widget": {"before": 5, "afterPush": 6, "afterPop": 5, "hasCat": true}, "quizzes": 16, "flashcards": 16, "scrollWidth": 1440, "innerWidth": 1440, "overflow": false, "page_errors": []}, "390": {"details": 34, "images": {"count": 16, "broken": []}, "played": 15, "stack_widget": {"before": 3, "afterPush": 4, "afterPop": 3, "peek": "›top() = 9（只看不拿）"}, "queue_widget": {"before": 5, "afterPush": 6, "afterPop": 5, "hasCat": true}, "quizzes": 16, "flashcards": 16, "scrollWidth": 390, "innerWidth": 390, "overflow": false, "page_errors": []}}
== density
{
 "linear_structures": {
  "text_chars": 40588,
  "h2": 13,
  "h3": 41,
  "img": 16,
  "details": 34,
  "pseudo_code": 47,
  "visible_expected_out": 14,
  "data_cpp": 38,
  "quiz": 16,
  "flashcards": 16
 }
}
== 2026-10-08T21:35:31+08:00 rerun after study-guide edit: pipeline x2
updated: linear-prologue, linear-stack-intro, linear-stack-stl, linear-stack-ex, linear-parens, linear-parens-general, linear-base-intro, linear-base-general, linear-infix-paren, linear-infix-convert, linear-infix-code, linear-queue-intro, linear-queue-stl, linear-hp-intro, linear-hp-code, linear-printer-intro, linear-printer, linear-deque-intro, linear-deque-pal, linear-exercises, linear-reference, linear-recap
ok linear_structures: 16 卡
shuffle changed: False
66ab00e20f8077757b80b1acecc91a8814b0e5054d478edad38b93d45468dd0d  linear_structures.html
updated: linear-prologue, linear-stack-intro, linear-stack-stl, linear-stack-ex, linear-parens, linear-parens-general, linear-base-intro, linear-base-general, linear-infix-paren, linear-infix-convert, linear-infix-code, linear-queue-intro, linear-queue-stl, linear-hp-intro, linear-hp-code, linear-printer-intro, linear-printer, linear-deque-intro, linear-deque-pal, linear-exercises, linear-reference, linear-recap
ok linear_structures: 16 卡
shuffle changed: False
66ab00e20f8077757b80b1acecc91a8814b0e5054d478edad38b93d45468dd0d  linear_structures.html
== check_content
{"run": 18, "run_passed": 18, "compile_error": 0, "errors": 0}
== check_links_cpp
檢查 22 頁

0 個錯誤 / 0 個警告
== check_contrast

0 個失敗
== check_browser
{"1440": {"details": 34, "images": {"count": 16, "broken": []}, "played": 15, "stack_widget": {"before": 3, "afterPush": 4, "afterPop": 3, "peek": "›top() = 9（只看不拿）"}, "queue_widget": {"before": 5, "afterPush": 6, "afterPop": 5, "hasCat": true}, "quizzes": 16, "flashcards": 16, "scrollWidth": 1440, "innerWidth": 1440, "overflow": false, "page_errors": []}, "390": {"details": 34, "images": {"count": 16, "broken": []}, "played": 15, "stack_widget": {"before": 3, "afterPush": 4, "afterPop": 3, "peek": "›top() = 9（只看不拿）"}, "queue_widget": {"before": 5, "afterPush": 6, "afterPop": 5, "hasCat": true}, "quizzes": 16, "flashcards": 16, "scrollWidth": 390, "innerWidth": 390, "overflow": false, "page_errors": []}}
