2026-09-20T13:30:35+08:00
g++ (Ubuntu 13.3.0-6ubuntu2~24.04.1) 13.3.0
Copyright (C) 2023 Free Software Foundation, Inc.
This is free software; see the source for copying conditions.  There is NO
warranty; not even for MERCHANTABILITY or FITNESS FOR A PARTICULAR PURPOSE.

experiment,method,n,repeat,operations,target,hits,total_ms
lookup,std_find,100000,0,100,89383,100,25.919076
lookup,unordered_map_find,100000,0,100,89383,100,0.003819
lookup,std_find,200000,0,100,130886,100,37.78465
lookup,unordered_map_find,200000,0,100,130886,100,0.003939
lookup,std_find,400000,0,100,92777,100,26.685837
lookup,unordered_map_find,400000,0,100,92777,100,0.004091
lookup,std_find,800000,0,100,1036915,0,230.448151
lookup,unordered_map_find,800000,0,100,1036915,0,0.002828
pop,erase_begin,2500000,0,100,-1,-1,21.015089
pop,pop_back,2500000,0,100,-1,-1,0.000382
pop,erase_begin,5000000,0,100,-1,-1,52.876722
pop,pop_back,5000000,0,100,-1,-1,0.000233
pop,erase_begin,7500000,0,100,-1,-1,116.514022
pop,pop_back,7500000,0,100,-1,-1,0.00022
pop,erase_begin,10000000,0,100,-1,-1,233.384569
pop,pop_back,10000000,0,100,-1,-1,0.000227
lookup,std_find,100000,1,100,89383,100,26.389317
lookup,unordered_map_find,100000,1,100,89383,100,0.005045
lookup,std_find,200000,1,100,130886,100,38.353917
lookup,unordered_map_find,200000,1,100,130886,100,0.004304
lookup,std_find,400000,1,100,92777,100,26.51789
lookup,unordered_map_find,400000,1,100,92777,100,0.004134
lookup,std_find,800000,1,100,1036915,0,238.060026
lookup,unordered_map_find,800000,1,100,1036915,0,0.003027
pop,erase_begin,2500000,1,100,-1,-1,20.453267
pop,pop_back,2500000,1,100,-1,-1,0.000207
pop,erase_begin,5000000,1,100,-1,-1,47.249394
pop,pop_back,5000000,1,100,-1,-1,0.000322
pop,erase_begin,7500000,1,100,-1,-1,117.519559
pop,pop_back,7500000,1,100,-1,-1,0.000243
pop,erase_begin,10000000,1,100,-1,-1,200.834593
pop,pop_back,10000000,1,100,-1,-1,0.000208
lookup,std_find,100000,2,100,89383,100,25.631581
lookup,unordered_map_find,100000,2,100,89383,100,0.004098
lookup,std_find,200000,2,100,130886,100,37.275158
lookup,unordered_map_find,200000,2,100,130886,100,0.00384
lookup,std_find,400000,2,100,92777,100,26.783695
lookup,unordered_map_find,400000,2,100,92777,100,0.003801
lookup,std_find,800000,2,100,1036915,0,227.980532
lookup,unordered_map_find,800000,2,100,1036915,0,0.00275
pop,erase_begin,2500000,2,100,-1,-1,20.722891
pop,pop_back,2500000,2,100,-1,-1,0.000322
pop,erase_begin,5000000,2,100,-1,-1,48.221877
pop,pop_back,5000000,2,100,-1,-1,0.000377
pop,erase_begin,7500000,2,100,-1,-1,102.044373
pop,pop_back,7500000,2,100,-1,-1,0.000322
pop,erase_begin,10000000,2,100,-1,-1,176.68435
pop,pop_back,10000000,2,100,-1,-1,0.000257
lookup,std_find,100000,3,100,89383,100,25.435986
lookup,unordered_map_find,100000,3,100,89383,100,0.004226
lookup,std_find,200000,3,100,130886,100,37.700578
lookup,unordered_map_find,200000,3,100,130886,100,0.004365
lookup,std_find,400000,3,100,92777,100,26.464514
lookup,unordered_map_find,400000,3,100,92777,100,0.003739
lookup,std_find,800000,3,100,1036915,0,233.414302
lookup,unordered_map_find,800000,3,100,1036915,0,0.002729
pop,erase_begin,2500000,3,100,-1,-1,20.391031
pop,pop_back,2500000,3,100,-1,-1,0.000279
pop,erase_begin,5000000,3,100,-1,-1,47.731056
pop,pop_back,5000000,3,100,-1,-1,0.000343
pop,erase_begin,7500000,3,100,-1,-1,105.578049
pop,pop_back,7500000,3,100,-1,-1,0.000305
pop,erase_begin,10000000,3,100,-1,-1,174.843837
pop,pop_back,10000000,3,100,-1,-1,0.000222
lookup,std_find,100000,4,100,89383,100,25.907802
lookup,unordered_map_find,100000,4,100,89383,100,0.003748
lookup,std_find,200000,4,100,130886,100,38.341333
lookup,unordered_map_find,200000,4,100,130886,100,0.004029
lookup,std_find,400000,4,100,92777,100,26.32839
lookup,unordered_map_find,400000,4,100,92777,100,0.004028
lookup,std_find,800000,4,100,1036915,0,230.210059
lookup,unordered_map_find,800000,4,100,1036915,0,0.002712
pop,erase_begin,2500000,4,100,-1,-1,20.331305
pop,pop_back,2500000,4,100,-1,-1,0.000291
pop,erase_begin,5000000,4,100,-1,-1,48.940414
pop,pop_back,5000000,4,100,-1,-1,0.000386
pop,erase_begin,7500000,4,100,-1,-1,104.641153
pop,pop_back,7500000,4,100,-1,-1,0.000332
pop,erase_begin,10000000,4,100,-1,-1,180.487519
pop,pop_back,10000000,4,100,-1,-1,0.000211
lookup,std_find,100000,5,100,89383,100,25.947713
lookup,unordered_map_find,100000,5,100,89383,100,0.004176
loPASS: 56 lookup hit counts and 56 vector final states verified.
okup,std_find,200000,5,100,130886,100,37.796267
lookup,unordered_map_find,200000,5,100,130886,100,0.004026
lookup,std_find,400000,5,100,92777,100,26.645751
lookup,unordered_map_find,400000,5,100,92777,100,0.003814
lookup,std_find,800000,5,100,1036915,0,232.637576
lookup,unordered_map_find,800000,5,100,1036915,0,0.002687
pop,erase_begin,2500000,5,100,-1,-1,20.520293
pop,pop_back,2500000,5,100,-1,-1,0.000231
pop,erase_begin,5000000,5,100,-1,-1,49.274833
pop,pop_back,5000000,5,100,-1,-1,0.000214
pop,erase_begin,7500000,5,100,-1,-1,102.394459
pop,pop_back,7500000,5,100,-1,-1,0.00031
pop,erase_begin,10000000,5,100,-1,-1,188.860439
pop,pop_back,10000000,5,100,-1,-1,0.000294
lookup,std_find,100000,6,100,89383,100,25.204519
lookup,unordered_map_find,100000,6,100,89383,100,0.00376
lookup,std_find,200000,6,100,130886,100,38.831799
lookup,unordered_map_find,200000,6,100,130886,100,0.004096
lookup,std_find,400000,6,100,92777,100,26.973095
lookup,unordered_map_find,400000,6,100,92777,100,0.004329
lookup,std_find,800000,6,100,1036915,0,248.446074
lookup,unordered_map_find,800000,6,100,1036915,0,0.002767
pop,erase_begin,2500000,6,100,-1,-1,22.624176
pop,pop_back,2500000,6,100,-1,-1,0.000277
pop,erase_begin,5000000,6,100,-1,-1,48.935415
pop,pop_back,5000000,6,100,-1,-1,0.000321
pop,erase_begin,7500000,6,100,-1,-1,104.178616
pop,pop_back,7500000,6,100,-1,-1,0.000303
pop,erase_begin,10000000,6,100,-1,-1,201.799424
pop,pop_back,10000000,6,100,-1,-1,0.000212
/home/phonchi/.config/matplotlib is not a writable directory
Matplotlib created a temporary cache directory at /tmp/matplotlib-_tp7lsnz because there was an issue with the default path (/home/phonchi/.config/matplotlib); it is highly recommended to set the MPLCONFIGDIR environment variable to a writable directory, in particular to speed up the import of Matplotlib and to better support multiprocessing.
PASS: two figures, complete montage, and 16 median/min/max summaries generated.
PASS: two figures, complete montage, and 16 median/min/max summaries generated.
Traceback (most recent call last):
  File "/home/phonchi/ds-cpp-selfstudy/docs/experiments/20260920-analysis-find/render.py", line 38, in <module>
    assert len(imgs) == 4 and all(x['loaded'] for x in imgs), imgs
           ^^^^^^^^^^^^^^^^^^^^^^^^^^^^^^^^^^^^^^^^^^^^^^^^^
AssertionError: [{'src': 'https://raw.githubusercontent.com/phonchi/nsysu-math208/refs/heads/main/static_files/presentations/imgs/bigO.png', 'loaded': True, 'width': 731, 'height': 524}, {'src': 'https://raw.githubusercontent.com/phonchi/nsysu-math208/refs/heads/main/static_files/presentations/imgs/bigO.png', 'loaded': True, 'width': 731, 'height': 524}, {'src': 'https://raw.githubusercontent.com/phonchi/nsysu-math208/refs/heads/main/static_files/presentations/imgs/bigO2.png', 'loaded': True, 'width': 728, 'height': 523}, {'src': 'https://raw.githubusercontent.com/phonchi/nsysu-math208/refs/heads/main/static_files/presentations/imgs/bigO2.png', 'loaded': True, 'width': 728, 'height': 523}, {'src': 'https://raw.githubusercontent.com/phonchi/nsysu-math208/refs/heads/main/static_files/presentations/imgs/pop_benchmark.png', 'loaded': True, 'width': 1800, 'height': 1159}, {'src': 'https://raw.githubusercontent.com/phonchi/nsysu-math208/refs/heads/main/static_files/presentations/imgs/pop_benchmark.png', 'loaded': True, 'width': 1800, 'height': 1159}, {'src': 'https://raw.githubusercontent.com/phonchi/nsysu-math208/refs/heads/main/static_files/presentations/imgs/dict_benchmark.png', 'loaded': True, 'width': 1800, 'height': 1159}, {'src': 'https://raw.githubusercontent.com/phonchi/nsysu-math208/refs/heads/main/static_files/presentations/imgs/dict_benchmark.png', 'loaded': True, 'width': 1800, 'height': 1159}]
PDF rendered; images: [{'src': 'https://raw.githubusercontent.com/phonchi/nsysu-math208/refs/heads/main/static_files/presentations/imgs/bigO.png', 'loaded': True, 'width': 731, 'height': 524}, {'src': 'https://raw.githubusercontent.com/phonchi/nsysu-math208/refs/heads/main/static_files/presentations/imgs/bigO.png', 'loaded': True, 'width': 731, 'height': 524}, {'src': 'https://raw.githubusercontent.com/phonchi/nsysu-math208/refs/heads/main/static_files/presentations/imgs/bigO2.png', 'loaded': True, 'width': 728, 'height': 523}, {'src': 'https://raw.githubusercontent.com/phonchi/nsysu-math208/refs/heads/main/static_files/presentations/imgs/bigO2.png', 'loaded': True, 'width': 728, 'height': 523}, {'src': 'https://raw.githubusercontent.com/phonchi/nsysu-math208/refs/heads/main/static_files/presentations/imgs/pop_benchmark.png', 'loaded': True, 'width': 1800, 'height': 1159}, {'src': 'https://raw.githubusercontent.com/phonchi/nsysu-math208/refs/heads/main/static_files/presentations/imgs/pop_benchmark.png', 'loaded': True, 'width': 1800, 'height': 1159}, {'src': 'https://raw.githubusercontent.com/phonchi/nsysu-math208/refs/heads/main/static_files/presentations/imgs/dict_benchmark.png', 'loaded': True, 'width': 1800, 'height': 1159}, {'src': 'https://raw.githubusercontent.com/phonchi/nsysu-math208/refs/heads/main/static_files/presentations/imgs/dict_benchmark.png', 'loaded': True, 'width': 1800, 'height': 1159}]
Traceback (most recent call last):
  File "/home/phonchi/ds-cpp-selfstudy/docs/experiments/20260920-analysis-find/render.py", line 111, in <module>
    assert final[-1].get_text().strip(), 'Unexpected blank final page'
           ~~~~~~~~~~~~~~~~~~~~~~~~~~^^
AssertionError: Unexpected blank final page
PASS: PDF pages: 132 bookmarks: [[1, 'Algorithm Analysis', 1], [2, '2.1~2.2 What Is Algorithm Analysis?', 3], [2, '2.3 Big O Notation', 30], [2, '2.4 An Anagram Detection Example', 61], [2, '2.5~2.6 Performance of C++ Data Structures: Vectors', 95], [2, '2.8 Hash Tables (unordered_map)', 118], [2, 'References', 131]] figure pages: [116, 117, 124, 125]
PDF rendered; images: [{'src': 'https://raw.githubusercontent.com/phonchi/nsysu-math208/refs/heads/main/static_files/presentations/imgs/bigO.png', 'loaded': True, 'width': 731, 'height': 524}, {'src': 'https://raw.githubusercontent.com/phonchi/nsysu-math208/refs/heads/main/static_files/presentations/imgs/bigO.png', 'loaded': True, 'width': 731, 'height': 524}, {'src': 'https://raw.githubusercontent.com/phonchi/nsysu-math208/refs/heads/main/static_files/presentations/imgs/bigO2.png', 'loaded': True, 'width': 728, 'height': 523}, {'src': 'https://raw.githubusercontent.com/phonchi/nsysu-math208/refs/heads/main/static_files/presentations/imgs/bigO2.png', 'loaded': True, 'width': 728, 'height': 523}, {'src': 'https://raw.githubusercontent.com/phonchi/nsysu-math208/refs/heads/main/static_files/presentations/imgs/pop_benchmark.png', 'loaded': True, 'width': 1800, 'height': 1159}, {'src': 'https://raw.githubusercontent.com/phonchi/nsysu-math208/refs/heads/main/static_files/presentations/imgs/pop_benchmark.png', 'loaded': True, 'width': 1800, 'height': 1159}, {'src': 'https://raw.githubusercontent.com/phonchi/nsysu-math208/refs/heads/main/static_files/presentations/imgs/dict_benchmark.png', 'loaded': True, 'width': 1800, 'height': 1159}, {'src': 'https://raw.githubusercontent.com/phonchi/nsysu-math208/refs/heads/main/static_files/presentations/imgs/dict_benchmark.png', 'loaded': True, 'width': 1800, 'height': 1159}]
PASS: PDF pages: 134 bookmarks: [[1, 'Algorithm Analysis', 1], [2, '2.1~2.2 What Is Algorithm Analysis?', 3], [2, '2.3 Big O Notation', 30], [2, '2.4 An Anagram Detection Example', 61], [2, '2.5~2.6 Performance of C++ Data Structures: Vectors', 95], [2, '2.8 Hash Tables (unordered_map)', 120], [2, 'References', 133]] figure pages: [118, 119, 126, 127]
