## content.log
20 examples passed; both generators stable; IDs, anchors and JS syntax passed

## browser.log
Starting Playwright
Launching Chromium
Browser ready
Checking arrays
Loaded
Details opened
New mapping checked
Control cmpShow('compact')
Control cmpShow('ref')
Control mdRun('row')
Control mdRun('col')
Control mdPlayer && mdPlayer.step()
Control mdPlayer && mdPlayer.toggle(this)
Control spRandom()
Control spClear()
Checking linked_lists
Loaded
Details opened
timer cancellation and completed replay checks passed
New mapping checked
Control memShow('array')
Control memShow('linked')
Control nodeDemo(1)
Control nodeDemo(2)
Control nodeDemo(3)
Control ullAdd()
Control ullSearch()
Control ullRemove()
Control ullReset()
Control ullPlayer && ullPlayer.step()
Control ullPlayer && ullPlayer.toggle(this)
Control ollAdd()
Control ollPlayer && ollPlayer.step()
Control ollPlayer && ollPlayer.toggle(this)
Control ollReset()
Control varShow('singly')
Control varShow('doubly')
Control varShow('circular')
[{"page": "arrays", "details": 14, "player_frames_checked": 36, "viewports": [1440, 390], "page_errors": []}, {"page": "linked_lists", "details": 10, "player_frames_checked": 11, "viewports": [1440, 390], "page_errors": []}]

## links.log
檢查 22 頁

0 個錯誤 / 0 個警告

## coo-oracle-output.txt
(0,0):5 (0,1):2 (1,0):3 (1,1):6 (2,2):11 
(0,0):-5 (0,1):2 (1,0):3 (1,1):-6 (2,2):-3 
(0,1):12 (1,0):15 (2,2):28 
(0,0):1 (0,1):2 (1,0):3 (1,1):4 
(0,0):-1 (0,1):-2 (1,0):-3 (1,1):-4 

(0,0):1 (0,1):2 (1,0):3 (1,1):4 
(0,0):1 (0,1):2 (1,0):3 (1,1):4 


(0,0):2 (0,1):4 (1,0):6 (1,1):8 
(0,0):-7 (0,1):-10 (1,0):-15 (1,1):-22 
(0,0):1 (1,1):2 
(0,0):1 (1,1):-2 

(0,0):6 (0,1):8 (1,0):10 (1,1):12 
(0,0):-4 (0,1):-4 (1,0):-4 (1,1):-4 
(0,0):19 (0,1):22 (1,0):43 (1,1):50 

(0,0):12 (0,1):12 (1,0):20 (1,1):27 

## dok-oracle-output.txt
(0, 0): 5  (0, 1): 2  (1, 0): 3  (1, 1): 6  (2, 2): 11  
(0, 0): -5  (0, 1): 2  (1, 0): 3  (1, 1): -6  (2, 2): -3  
(0, 1): 12  (1, 0): 15  (2, 2): 28  
(0, 0): 1  (0, 1): 2  (1, 0): 3  (1, 1): 4  
(0, 0): -1  (0, 1): -2  (1, 0): -3  (1, 1): -4  

(0, 0): 1  (0, 1): 2  (1, 0): 3  (1, 1): 4  
(0, 0): 1  (0, 1): 2  (1, 0): 3  (1, 1): 4  

(0, 0): 0  (0, 1): 0  (1, 0): 0  (1, 1): 0  
(0, 0): 2  (0, 1): 4  (1, 0): 6  (1, 1): 8  
(0, 0): -7  (0, 1): -10  (1, 0): -15  (1, 1): -22  
(0, 0): 1  (1, 1): 2  
(0, 0): 1  (1, 1): -2  

(0, 0): 6  (0, 1): 8  (1, 0): 10  (1, 1): 12  
(0, 0): -4  (0, 1): -4  (1, 0): -4  (1, 1): -4  
(0, 0): 19  (0, 1): 22  (1, 0): 43  (1, 1): 50  
(0, 0): 0  
(0, 0): 12  (0, 1): 12  (1, 0): 20  (1, 1): 27  

## linear-oracle-output.txt
(0,0):5 (0,1):2 (1,0):3 (1,1):6 (2,2):11 
(0,0):-5 (0,1):2 (1,0):3 (1,1):-6 (2,2):-3 
(0,1):12 (1,0):15 (2,2):28 
(0,0):1 (0,1):2 (1,0):3 (1,1):4 
(0,0):-1 (0,1):-2 (1,0):-3 (1,1):-4 

(0,0):1 (0,1):2 (1,0):3 (1,1):4 
(0,0):1 (0,1):2 (1,0):3 (1,1):4 


(0,0):2 (0,1):4 (1,0):6 (1,1):8 
(0,0):-7 (0,1):-10 (1,0):-15 (1,1):-22 
(0,0):1 (1,1):2 
(0,0):1 (1,1):-2 

(0,0):6 (0,1):8 (1,0):10 (1,1):12 
(0,0):-4 (0,1):-4 (1,0):-4 (1,1):-4 
(0,0):19 (0,1):22 (1,0):43 (1,1):50 

(0,0):12 (0,1):12 (1,0):20 (1,1):27 
