reordered: representation, word-ladder, bfs, knight, dfs, topsort, scc, dijkstra, prim
markers placed: 19
== 2026-10-08T22:10:49+08:00 pipeline x2 (idempotence)
updated: graphs-prologue, graphs-prologue-legend, graphs-rep-adt, graphs-rep-impl, graphs-wl, graphs-bfs-intro, graphs-bfs-trace, graphs-knight, graphs-dfs-intro, graphs-dfs-trace, graphs-topsort, graphs-scc, graphs-dij-intro, graphs-dij-run, graphs-prim-intro, graphs-prim-run, graphs-exercises, graphs-ref-extra, graphs-recap
ok graphs: 35 卡 + 8 題
shuffle changed: False
497e40a2d5a55f9b54d108ea6f1de5b06b69ca99bf572152fca63d5fca065975  graphs.html
updated: graphs-prologue, graphs-prologue-legend, graphs-rep-adt, graphs-rep-impl, graphs-wl, graphs-bfs-intro, graphs-bfs-trace, graphs-knight, graphs-dfs-intro, graphs-dfs-trace, graphs-topsort, graphs-scc, graphs-dij-intro, graphs-dij-run, graphs-prim-intro, graphs-prim-run, graphs-exercises, graphs-ref-extra, graphs-recap
ok graphs: 35 卡 + 8 題
shuffle changed: False
497e40a2d5a55f9b54d108ea6f1de5b06b69ca99bf572152fca63d5fca065975  graphs.html
== check_content.py
{"run": 12, "run_passed": 12, "compile_error": 0, "errors": 0}
== check_links_cpp.py
檢查 22 頁

0 個錯誤 / 0 個警告
== check_contrast.py

0 個失敗
== density
{
 "graphs": {
  "text_chars": 46499,
  "h2": 15,
  "h3": 49,
  "img": 58,
  "details": 48,
  "pseudo_code": 37,
  "visible_expected_out": 10,
  "data_cpp": 30,
  "quiz": 10,
  "flashcards": 35
 }
}
== check_browser.py (1440, 390)
{"1440": {"details": 48, "images": {"count": 58, "broken": []}, "adj_highlight": 6, "controllers_stepped": {"bfsCtrl": 42, "wlCtrl": 41, "dfsCtrl": 23, "dijCtrl": 37, "primCtrl": 39}, "knight": {"warnsdorff": [26, "SUCCESS ✓"], "plain": [9996, "SUCCESS ✓"]}, "topsort_order": "加熱煎鍋(f=18) → 加 1 匙油(f=16) → 打 1 顆蛋(f=14) → 加 3/4 杯牛奶(f=12) → 攪鬆餅糊(f=11) →
exit 0
== 2026-10-08T22:14:19+08:00 wording fix (knight text), pipeline x2 + content check
updated: graphs-prologue, graphs-prologue-legend, graphs-rep-adt, graphs-rep-impl, graphs-wl, graphs-bfs-intro, graphs-bfs-trace, graphs-knight, graphs-dfs-intro, graphs-dfs-trace, graphs-topsort, graphs-scc, graphs-dij-intro, graphs-dij-run, graphs-prim-intro, graphs-prim-run, graphs-exercises, graphs-ref-extra, graphs-recap
ok graphs: 35 卡 + 8 題
shuffle changed: False
e1966e588353e63c9ad716530580c076c0615fb1bde661bd53a4b1dcdafa7c43  graphs.html
updated: graphs-prologue, graphs-prologue-legend, graphs-rep-adt, graphs-rep-impl, graphs-wl, graphs-bfs-intro, graphs-bfs-trace, graphs-knight, graphs-dfs-intro, graphs-dfs-trace, graphs-topsort, graphs-scc, graphs-dij-intro, graphs-dij-run, graphs-prim-intro, graphs-prim-run, graphs-exercises, graphs-ref-extra, graphs-recap
ok graphs: 35 卡 + 8 題
shuffle changed: False
e1966e588353e63c9ad716530580c076c0615fb1bde661bd53a4b1dcdafa7c43  graphs.html
{"run": 12, "run_passed": 12, "compile_error": 0, "errors": 0}
