== 2026-10-08T21:30:47+08:00 pipeline x2
updated: recursion-prologue, recursion-laws, recursion-tostr, recursion-frames, recursion-viz, recursion-sierpinski, recursion-hanoi, recursion-maze, recursion-dp, recursion-exercises, recursion-reference, recursion-recap
ok recursion: 12 卡
shuffle changed: False
fbbeb700dd82e6c0c00767d316d5575ed763d7680d1b02cb7c570b8e2c6aa276  recursion.html
updated: recursion-prologue, recursion-laws, recursion-tostr, recursion-frames, recursion-viz, recursion-sierpinski, recursion-hanoi, recursion-maze, recursion-dp, recursion-exercises, recursion-reference, recursion-recap
ok recursion: 12 卡
shuffle changed: False
fbbeb700dd82e6c0c00767d316d5575ed763d7680d1b02cb7c570b8e2c6aa276  recursion.html
== check_content
{"run": 13, "run_passed": 13, "compile_error": 1, "errors": 0}
== check_links_cpp

0 個錯誤 / 0 個警告
== check_contrast

0 個失敗
== density
{
 "recursion": {
  "text_chars": 30457,
  "h2": 13,
  "h3": 44,
  "img": 18,
  "details": 21,
  "pseudo_code": 35,
  "visible_expected_out": 11,
  "data_cpp": 35,
  "quiz": 10,
  "flashcards": 12
 }
}
== browser
{"1440": {"details": 21, "images": {"count": 18, "broken": []}, "players": {"sum": 12, "tostr": 6, "tsf": 9, "frame": 8, "hanoi": 9, "maze": 32, "dp": 25}, "canvas_painted": [["spiralCv", 8784], ["treeCv", 3100], ["sierCv", 80510]], "status_text": {"vizStatus": "深度 5：tree() 被呼叫 63 次。每個分岔點就是一次遞迴呼叫，先右後左。", "sierStatus": "degree = 4：sierpinski() 呼叫 121 次（= 3⁰ + 3¹ + … + 3^4）。", "tsfStatus": "所有 frame 都已彈出，main 拿到 \"1010\"。", "dpStatus": "23 分最少 3 枚。coinsUsed 回溯：1 → 1 → 21"}, "quizzes": 10, "flashcards": 12, "scrollWidth": 1440, "innerWidth": 1440, "overflow": false, "page_errors": []}, "390": {"details": 21, "images": {"count": 18, "broken": []}, "players": {"sum": 12, "tostr": 6, "tsf": 9, "frame": 8, "hanoi": 9, "maze": 32, "dp": 25}, "canvas_painted": [["spiralCv", 8784], ["treeCv", 3100], ["sierCv", 80510]], "status_text": {"vizStatus": "深度 5：tree() 被呼叫 63 次。每個分岔點就是一次遞迴呼叫，先右後左。", "sierStatus": "degree = 4：sierpinski() 呼叫 121 次（= 3⁰ + 3¹ + … + 3^4）。", "tsfStatus": "所有 frame 都已彈出，main 拿到 \"1010\"。", "dpStatus": "23 分最少 3 枚。coinsUsed 回溯：1 → 1 → 21"}, "quizzes": 10, "flashcards": 12, "scrollWidth": 390, "innerWidth": 390, "overflow": false, "page_errors": []}}
exit 0
