=== 2026-10-08T21:09:54+08:00 HEAD d21ac21
--- pipeline run 1
updated: linked-prologue, linked-node, linked-unordered, linked-ordered, linked-stl, linked-variants, linked-exercises, linked-reference, linked-recap
ok linked_lists: 11 卡
shuffle changed: False
ada60387b275fcf7394f2fbb086cdfaebd1235068bccdaf643f77d0b7bd1c68f  linked_lists.html
--- pipeline run 2
updated: linked-prologue, linked-node, linked-unordered, linked-ordered, linked-stl, linked-variants, linked-exercises, linked-reference, linked-recap
ok linked_lists: 11 卡
shuffle changed: False
ada60387b275fcf7394f2fbb086cdfaebd1235068bccdaf643f77d0b7bd1c68f  linked_lists.html
--- check_content (ch4)
{"run": 22, "run_passed": 22, "compile_error": 1, "errors": 0}
--- legacy 20261003 check_content.py, linked_lists only
23 examples passed; both generators stable; IDs, anchors and JS syntax passed
--- check_links_cpp

0 個錯誤 / 0 個警告
--- check_contrast

0 個失敗
--- browser
{"1440": {"details": 38, "images": {"count": 24, "broken": []}, "players": 12, "case_buttons": 34, "frames_stepped": 315, "quizzes": 10, "flashcards": 11, "scrollWidth": 1440, "innerWidth": 1440, "overflow": false, "page_errors": []}, "390": {"details": 38, "images": {"count": 24, "broken": []}, "players": 12, "case_buttons": 34, "frames_stepped": 315, "quizzes": 10, "flashcards": 11, "scrollWidth": 390, "innerWidth": 390, "overflow": false, "page_errors": []}}
--- density after
{
 "introduction": {
  "text_chars": 22018,
  "h2": 13,
  "h3": 24,
  "img": 0,
  "details": 0,
  "pseudo_code": 35,
  "visible_expected_out": 21,
  "data_cpp": 0,
  "quiz": 18,
  "flashcards": 46
 },
 "analysis": {
  "text_chars": 27615,
  "h2": 11,
  "h3": 18,
  "img": 2,
  "details": 14,
  "pseudo_code": 19,
  "visible_expected_out": 15,
  "data_cpp": 0,
  "quiz": 11,
  "flashcards": 26
 },
 "arrays": {
  "text_chars": 34131,
  "h2": 9,
  "h3": 17,
  "img": 6,
  "details": 28,
  "pseudo_code": 42,
  "visible_expected_out": 10,
  "data_cpp": 42,
  "quiz": 8,
  "flashcards": 11
 },
 "linked_lists": {
  "text_chars": 37178,
  "h2": 10,
  "h3": 27,
  "img": 24,
  "details": 38,
  "pseudo_code": 43,
  "visible_expected_out": 15,
  "data_cpp": 31,
  "quiz": 10,
  "flashcards": 11
 }
}
--- legacy check rerun after message fix
23 examples passed; generators stable for linked_lists; IDs, anchors and JS syntax passed
ada60387b275fcf7394f2fbb086cdfaebd1235068bccdaf643f77d0b7bd1c68f  linked_lists.html
