== 2026-10-08T22:36:55+08:00 pipeline x2 (after heap-class fold and id restore)
updated: trees-prologue, trees-vocabulary, trees-tree-adt, trees-nodes-refs, trees-parse-tree, trees-traversals, trees-heap, trees-bst, trees-bst-delete, trees-bst-analysis, trees-avl, trees-summary, trees-recap
ok trees: 37 卡 + 8 題
shuffle changed: False
c8feccb0985a37233f57c47884293dfe2700812358c9778933b0af244bc7b063  trees.html
updated: trees-prologue, trees-vocabulary, trees-tree-adt, trees-nodes-refs, trees-parse-tree, trees-traversals, trees-heap, trees-bst, trees-bst-delete, trees-bst-analysis, trees-avl, trees-summary, trees-recap
ok trees: 37 卡 + 8 題
shuffle changed: False
c8feccb0985a37233f57c47884293dfe2700812358c9778933b0af244bc7b063  trees.html
== check_content
{"run": 15, "run_passed": 15, "compile_error": 2, "errors": 0}
exit 0
== check_links_cpp
檢查 22 頁

0 個錯誤 / 0 個警告
== check_contrast

0 個失敗
== check_browser
browser OK (browser-results.json)
== density
{
 "trees": {
  "text_chars": 47336,
  "text_outside_details": 38797,
  "h2": 15,
  "h3": 49,
  "img": 41,
  "details": 25,
  "pseudo_code": 59,
  "visible_expected_out": 12,
  "data_cpp": 44,
  "quiz": 16,
  "flashcards": 37
 }
}
